// Jest Snapshot v1, https://goo.gl/fbAQLP

exports[`<Visible /> should render default style correctly 1`] = `null`;
